[debug] [2025-05-26T06:30:36.079Z] ----------------------------------------------------------------------
[debug] [2025-05-26T06:30:36.081Z] Command:       /Users/ragar90/.nvm/versions/node/v20.19.0/bin/node /Users/ragar90/.nvm/versions/node/v20.19.0/bin/firebase init hosting
[debug] [2025-05-26T06:30:36.081Z] CLI Version:   14.4.0
[debug] [2025-05-26T06:30:36.081Z] Platform:      darwin
[debug] [2025-05-26T06:30:36.081Z] Node Version:  v20.19.0
[debug] [2025-05-26T06:30:36.081Z] Time:          Mon May 26 2025 00:30:36 GMT-0600 (Central Standard Time)
[debug] [2025-05-26T06:30:36.081Z] ----------------------------------------------------------------------
[debug] 
[debug] [2025-05-26T06:30:36.084Z] > command requires scopes: ["email","openid","https://www.googleapis.com/auth/cloudplatformprojects.readonly","https://www.googleapis.com/auth/firebase","https://www.googleapis.com/auth/cloud-platform"]
[debug] [2025-05-26T06:30:36.084Z] > authorizing via signed-in user (rene@groupr.co)
[info] 
     ######## #### ########  ######## ########     ###     ######  ########
     ##        ##  ##     ## ##       ##     ##  ##   ##  ##       ##
     ######    ##  ########  ######   ########  #########  ######  ######
     ##        ##  ##    ##  ##       ##     ## ##     ##       ## ##
     ##       #### ##     ## ######## ########  ##     ##  ######  ########

You're about to initialize a Firebase project in this directory:

  /Users/ragar90/projects/groupr/codebase

[info] 
=== Project Setup
[info] 
[info] First, let's associate this project directory with a Firebase project.
[info] You can create multiple project aliases by running firebase use --add, 
[info] but for now we'll just set up a default project.
[info] 
[info] 
=== Hosting Setup
[info] 
[info] Your public directory is the folder (relative to your project directory) that
[info] will contain Hosting assets to be uploaded with firebase deploy. If you
[info] have a build process for your assets, use your build's output directory.
[info] 
